WARNING: All log messages before absl::InitializeLog() is called are written to STDERR
E0000 00:00:1791060968.551040 1016140 descriptor_database.cc:633] File already exists in database: grpc/health/v1/health.proto
W0000 00:00:1791060968.551529 1016140 message.cc:301] Protobuf GeneratedMessageFactory: File is already registered: grpc/health/v1/health.proto
2026-10-03T20:56:08Z [Info] [carb] Logging to file: /home/dell/isaacsim-env/lib/python3.12/site-packages/isaacsim/kit/logs/Kit/Isaac-Sim Python/6.0/kit_20261003_155608.log
[0.127s] [ext: omni.assets.plugins-0.0.0] startup
[0.133s] [ext: omni.blobkey-1.1.2] startup
[0.134s] [ext: omni.kit.async_engine-0.0.3] startup
[0.260s] [ext: omni.client.lib-1.1.1] startup
[0.288s] [ext: omni.client-1.3.0] startup
[0.296s] [ext: omni.protobuf.lib-1.0.0] startup
[0.296s] [ext: omni.grpc.lib-1.0.0] startup
[0.326s] [ext: omni.metrics.core-0.0.3] startup
[0.326s] [ext: omni.datastore-0.0.0] startup
[0.330s] [ext: omni.gpu_foundation.shadercache.vulkan-1.0.0] startup
[0.336s] [ext: omni.hsscclient-1.1.4] startup
[0.337s] [ext: omni.stats-1.0.1] startup
[0.339s] [ext: omni.ujitso.default-1.0.0] startup
[0.344s] [ext: omni.gpu_foundation-0.0.0] startup
[0.378s] [ext: carb.windowing.plugins-1.0.1] startup
[0.391s] [ext: omni.kit.renderer.init-1.0.1] startup

|---------------------------------------------------------------------------------------------|
| Driver Version: 580.178.04    | Graphics API: Vulkan
|=============================================================================================|
| GPU | Name                             | Active | LDA | GPU Memory | Vendor-ID | LUID       |
|     |                                  |        |     |            | Device-ID | UUID       |
|     |                                  |        |     |            | Bus-ID    |            |
|---------------------------------------------------------------------------------------------|
| 0   | NVIDIA GB10                      | Yes: 0 |     | 93408   MB | 10de      | 0          |
|     |                                  |        |     |            | 2e12      | 7e691fcf.. |
|     |                                  |        |     |            | 1         |            |
|=============================================================================================|
| OS: 24.04.5 LTS (Noble Numbat) ubuntu, Version: 24.04.5, Kernel: 7.0.0-1019-nvidia
| XServer Vendor: The X.Org Foundation, XServer Version: 12101011 (1.21.1.11)
| Processor: Cortex-A725
| Cores: 20 | Logical Cores: 20
|---------------------------------------------------------------------------------------------|
| Total Memory (MB): 124544 | Free Memory: 34975
| Total Page/Swap (MB): 16383 | Free Page/Swap: 9612
|---------------------------------------------------------------------------------------------|
[2.270s] [ext: omni.kit.pipapi-0.0.0] startup
[2.275s] [ext: omni.kit.telemetry-0.5.2] startup
[2.321s] [ext: omni.kit.loop-isaac-1.6.0] startup
[2.324s] [ext: omni.kit.test-2.0.7] startup
[2.411s] [ext: omni.materialx.libs-1.0.9] startup
[2.427s] [ext: omni.gpucompute.plugins-0.0.0] startup
[2.429s] [ext: omni.usd.config-1.0.7] startup
[2.433s] [ext: omni.usd.libs-1.0.3] startup
[2.584s] [ext: omni.iray.libs-0.0.1] startup
[2.621s] [ext: omni.mdl-57.0.3] startup
[2.689s] [ext: omni.mdl.neuraylib-0.2.20] startup
[2.694s] [ext: omni.kit.usd.mdl-1.1.9] startup
[2.890s] [ext: omni.appwindow-1.2.2] startup
[2.903s] [ext: omni.kit.renderer.core-1.2.2] startup
[3.440s] [ext: omni.kit.renderer.capture-2.0.1] startup
[3.444s] [ext: omni.kit.renderer.imgui-2.0.6] startup
[3.525s] [ext: omni.ui-3.2.0] startup
[3.539s] [ext: omni.kit.mainwindow-1.0.3] startup
[3.540s] [ext: carb.audio-0.1.0] startup
[3.549s] [ext: omni.uiaudio-1.0.0] startup
[3.551s] [ext: omni.kit.uiapp-0.0.0] startup
[3.551s] [ext: omni.usd.schema.metrics.assembler-110.1.0] startup
[3.554s] [ext: omni.usd.schema.audio-0.0.1] startup
[3.558s] [ext: omni.usd_resolver-1.0.0] startup
[3.562s] [ext: omni.usd.core-1.8.3] startup
[3.567s] [ext: omni.metropolis.schema-0.0.3] startup
[3.568s] [ext: isaacsim.anim.robot.schema-0.1.1] startup
[3.569s] [ext: omni.usd.schema.anim-0.0.1] startup
[3.589s] [ext: omni.usd.schema.geospatial-0.0.1] startup
[3.592s] [ext: omni.usd.schema.omnigraph-1.0.1] startup
[3.597s] [ext: omni.usd.schema.semantics-0.0.0] startup
[3.599s] [ext: omni.activity.core-1.0.3] startup
[3.603s] [ext: omni.cubric-0.1.0] startup
[3.606s] [ext: omni.graph.exec-0.9.6] startup
[3.607s] [ext: omni.hydra.scene_delegate-0.3.5] startup
[3.611s] [ext: usdrt.scenegraph-7.6.3] startup
[3.641s] [ext: omni.hydra.usdrt_delegate-7.5.2] startup
[3.648s] [ext: omni.inspect-1.0.2] startup
[3.650s] [ext: omni.kit.actions.core-1.0.0] startup
[3.652s] [ext: omni.kit.audiodeviceenum-1.0.2] startup
[3.654s] [ext: omni.kit.commands-1.5.0] startup
[3.657s] [ext: omni.kit.exec.core-0.13.5] startup
[3.659s] [ext: omni.kit.usd_undo-0.1.8] startup
[3.659s] [ext: omni.kit.window.popup_dialog-2.0.25] startup
[3.662s] [ext: omni.kit.widget.nucleus_connector-2.3.1] startup
[3.665s] [ext: omni.timeline-1.1.0] startup
[3.668s] [ext: omni.usd-1.16.0] startup
[3.716s] [ext: omni.graph.core-3.1.2] startup
[3.723s] [ext: omni.kit.notification_manager-1.0.11] startup
[3.725s] [ext: isaacsim.core.deprecation_manager-0.4.2] startup
[3.726s] [ext: isaacsim.replicator.agent.schema-0.1.1] startup
[3.727s] [ext: isaacsim.robot.schema-6.3.7] startup
[3.731s] [ext: isaacsim.robot_motion.schema-0.2.1] startup
[3.731s] [ext: omni.anim.behavior.schema-110.1.0] startup
[3.736s] [ext: omni.anim.graph.schema-110.1.1] startup
[3.745s] [ext: omni.anim.navigation.schema-110.1.0] startup
[3.748s] [ext: omni.behavior.tree.schema-110.1.0] startup
[3.748s] [ext: omni.kit.asset_converter-6.0.1] startup
[3.764s] [ext: omni.usd.schema.flow-110.0.0] startup
[3.765s] [ext: omni.usd.schema.mujoco-1.1.1] startup
[3.765s] [ext: omni.usd.schema.newton-1.2.1] startup
[3.766s] [ext: omni.usd.schema.omni_lens_distortion-1.0.0] startup
[3.767s] [ext: omni.usd.schema.omni_projectors-1.0.0] startup
[3.767s] [ext: omni.usd.schema.omni_sensors-0.0.0] startup
[3.775s] [ext: omni.usd.schema.omniscripting-1.0.1] startup
[3.778s] [ext: omni.usd.schema.physical_lighting-0.1.0] startup
[3.780s] [ext: omni.usd.schema.physx-110.1.13] startup
[3.829s] [ext: omni.usd.schema.render_settings.rtx-1.0.2] startup
[3.832s] [ext: omni.usd.schema.usd_particle_field-1.0.0] startup
[3.833s] [ext: isaacsim.core.version-2.1.1] startup
[3.833s] [ext: omni.kit.menu.core-1.2.0] startup
[3.834s] [ext: omni.kit.menu.utils-2.2.4] startup
[3.841s] [ext: isaacsim.app.about-2.3.1] startup
[3.847s] [ext: isaacsim.asset.transformer-1.2.5] startup
[3.849s] [ext: omni.scene.optimizer.core-110.1.0] startup
[3.887s] [ext: isaacsim.asset.importer.utils-1.8.1] startup
[3.890s] [ext: omni.convexdecomposition-110.1.13] startup
[3.896s] [ext: omni.physics-110.1.13] startup
[3.901s] [ext: omni.physx.gpu-110.1.13] startup
[3.901s] [ext: omni.physx.foundation-110.1.13] startup
[3.905s] [ext: omni.usdphysics-110.1.13] startup
[3.906s] [ext: omni.physx.cooking-110.1.13] startup
[3.911s] [ext: omni.physx-110.1.13] startup
[3.930s] [ext: omni.physics.physx-110.1.13] startup
[3.933s] [ext: isaacsim.asset.exporter.urdf-2.0.5] startup
[3.940s] [ext: omni.kit.clipboard-1.1.1] startup
[3.942s] [ext: omni.kit.usd.layers-2.6.1] startup
[3.949s] [ext: omni.kit.widget.context_menu-1.4.0] startup
[3.951s] [ext: omni.kit.context_menu-1.9.0] startup
[3.952s] [ext: omni.kit.helper.file_utils-0.1.10] startup
[3.953s] [ext: omni.kit.widget.nucleus_info-2.0.2] startup
[3.954s] [ext: omni.kit.search_core-1.0.8] startup
[3.954s] [ext: omni.kit.widget.path_field-2.0.13] startup
[3.955s] [ext: omni.kit.widget.browser_bar-2.0.10] startup
[3.956s] [ext: omni.kit.widget.filebrowser-2.13.4] startup
[3.959s] [ext: omni.kit.widget.options_menu-1.1.6] startup
[3.961s] [ext: omni.kit.widget.options_button-1.0.3] startup
[3.961s] [ext: omni.kit.widget.search_delegate-1.0.9] startup
[3.962s] [ext: omni.ui.scene-2.0.3] startup
[3.969s] [ext: omni.kit.window.filepicker-2.15.5] startup
[3.981s] [ext: omni.kit.window.file_importer-1.1.21] startup
[3.984s] [ext: omni.kit.material.library-3.1.2] startup
[3.992s] [ext: isaacsim.asset.transformer.rules-1.7.10] startup
[4.001s] [ext: omni.usdex.libs-2.2.2] startup
[4.012s] [ext: isaacsim.asset.importer.mjcf-3.10.1] startup
[4.014s] [ext: isaacsim.asset.importer.urdf-3.11.2] startup
[4.017s] [ext: omni.kit.primitive.mesh-1.1.0] startup
[4.020s] [ext: omni.kit.stage_template.core-1.1.22] startup
[4.020s] [ext: omni.kit.stage_templates-2.0.2] startup
[4.022s] [ext: omni.usd.metrics.assembler-110.1.2] startup
[4.026s] [ext: omni.warp.core-1.13.0] startup
[4.159s] [ext: isaacsim.core.experimental.utils-0.17.2] startup
[4.161s] [ext: omni.physics.stageupdate-110.1.13] startup
[4.168s] [ext: omni.physics.tensors-110.1.13] startup
[4.177s] [ext: omni.physx.tensors-110.1.13] startup
[4.189s] [ext: isaacsim.core.simulation_manager-1.15.6] startup
[4.203s] [ext: isaacsim.storage.native-1.9.3] startup
[4.204s] [ext: omni.usd.metrics.assembler.physics-110.1.13] startup
[4.206s] [ext: isaacsim.core.utils-4.1.7] startup
[4.209s] [ext: isaacsim.core.prims-0.11.7] startup
[5.434s] [ext: isaacsim.core.api-5.2.13] startup
[5.443s] [ext: isaacsim.core.cloner-1.7.3] startup
[5.445s] [ext: isaacsim.test.docstring-1.3.2] startup
[5.451s] [ext: isaacsim.core.experimental.prims-1.8.9] startup
[5.480s] [ext: isaacsim.core.experimental.primdata-0.3.2] startup
[5.483s] [ext: omni.graph.tools-1.81.0] startup
[5.505s] [ext: omni.graph-1.142.5] startup
[5.543s] [ext: isaacsim.core.experimental.actuators-0.1.2] startup
[5.563s] [ext: isaacsim.core.experimental.materials-0.7.1] startup
[5.566s] [ext: isaacsim.core.experimental.objects-0.8.1] startup
[5.640s] [ext: omni.hydra.engine.stats-1.0.5] startup
[5.644s] [ext: omni.hydra.rtx.shadercache.vulkan-1.0.0] startup
[5.645s] [ext: omni.index.libs-387500.4413.0] startup
[5.645s] [ext: omni.index-1.0.1] startup
[5.647s] [ext: omni.ujitso.client-0.0.0] startup
[5.648s] [ext: omni.usd.schema.playback-1.0.0] startup
[5.651s] [ext: omni.volume-0.5.2] startup
[5.669s] [ext: omni.hydra.rtx-1.0.4] startup
2026-10-03T20:56:13Z [5,676ms] [Warning] [omni.log] Source: omni.hydra was already registered.
[5.797s] [ext: omni.kit.hydra_texture-1.6.0] startup
[5.802s] [ext: omni.kit.raycast.query-1.2.0] startup
[5.806s] [ext: omni.kit.viewport.legacy_gizmos-1.0.24] startup
[5.808s] [ext: omni.kit.viewport.registry-104.0.6] startup
[5.809s] [ext: omni.kit.viewport.scene_camera_model-1.0.7] startup
[5.812s] [ext: omni.kit.widget.viewport-109.2.0] startup
[5.818s] [ext: omni.kit.window.drop_support-1.0.8] startup
[5.819s] [ext: omni.kit.viewport.window-109.0.2] startup
[5.838s] [ext: omni.kit.viewport.utility-2.0.1] startup
[5.840s] [ext: isaacsim.core.rendering_manager-0.4.3] startup
[5.856s] [ext: omni.graph.action_core-1.1.9] startup
[5.864s] [ext: omni.graph.action_nodes_core-2.11.0] startup
[5.869s] [ext: omni.graph.action_nodes-2.11.0] startup
[5.958s] [ext: omni.graph.action-2.10.2] startup
[5.960s] [ext: omni.graph.image.core-0.6.1] startup
[5.963s] [ext: omni.graph.image.nodes-1.3.1] startup
[5.965s] [ext: omni.graph.nodes_core-2.11.0] startup
[5.987s] [ext: omni.graph.nodes-2.12.0] startup
[6.006s] [ext: omni.kit.hotkeys.core-1.3.12] startup
[6.008s] [ext: omni.kit.property.adapter.core-1.1.1] startup
[6.011s] [ext: omni.kit.property.adapter.usd-1.0.5] startup
[6.013s] [ext: omni.kit.widget.filter-1.1.5] startup
[6.014s] [ext: omni.kit.widget.highlight_label-1.0.3] startup
[6.014s] [ext: omni.kit.widget.searchfield-1.1.8] startup
[6.015s] [ext: omni.kit.window.file_exporter-1.0.36] startup
[6.017s] [ext: omni.kit.widget.stage-4.4.0] startup
[6.027s] [ext: omni.kit.window.content_browser_registry-0.0.6] startup
[6.028s] [ext: omni.kit.window.file-2.0.10] startup
[6.031s] [ext: omni.kit.window.content_browser-3.1.8] startup
[6.043s] [ext: omni.kit.window.property-1.15.1] startup
[6.062s] [ext: omni.kit.property.usd-4.9.4] startup
[6.076s] [ext: omni.graph.scriptnode-2.10.2] startup
[6.091s] [ext: omni.kit.widget.searchable_combobox-1.0.7] startup
[6.092s] [ext: omni.kit.widget.settings-2.0.0] startup
[6.095s] [ext: omni.kit.window.preferences-1.8.3] startup
[6.101s] [ext: omni.kit.viewport.menubar.core-107.2.2] startup
[6.114s] [ext: omni.syntheticdata-0.6.15] startup
[6.151s] [ext: omni.replicator.nv-1.1.1] startup
[6.162s] [ext: omni.videoencoding-0.2.1] startup
[6.166s] [ext: omni.replicator.core-1.13.27] startup
2026-10-03T20:56:14Z [6,112ms] [Warning] [pxr.Semantics] pxr.Semantics is deprecated - please use Semantics instead
2026-10-03T20:56:14Z [6,314ms] [Warning] [omni.replicator.core.scripts.extension] No material configuration file, adding configuration to material settings directly.
[6.514s] [ext: isaacsim.core.nodes-5.10.5] startup
[6.548s] [ext: isaacsim.core.throttling-2.3.5] startup
[6.550s] [ext: omni.kit.manipulator.viewport-107.0.1] startup
[6.551s] [ext: omni.graph.visualization.nodes-2.1.4] startup
[6.593s] [ext: omni.kit.window.extensions-1.5.10] startup
[6.599s] [ext: isaacsim.gui.components-1.8.5] startup
[6.605s] [ext: isaacsim.robot.surface_gripper-3.6.2] startup
[6.618s] [ext: isaacsim.robot.manipulators-3.4.4] startup
[6.628s] [ext: isaacsim.robot_motion.lula-4.1.3] startup
[6.645s] [ext: isaacsim.robot_motion.motion_generation-8.2.9] startup
[6.651s] [ext: isaacsim.cortex.framework-1.0.18] startup
[6.653s] [ext: isaacsim.cortex.behaviors-2.0.17] startup
[6.654s] [ext: isaacsim.examples.base-1.3.2] startup
[6.656s] [ext: omni.kit.widget.zoombar-1.0.7] startup
[6.657s] [ext: omni.kit.browser.core-2.3.18] startup
[6.661s] [ext: omni.kit.browser.folder.core-2.0.2] startup
[6.665s] [ext: omni.kit.widget.stage_icons-1.0.8] startup
[6.666s] [ext: omni.kit.window.stage-2.6.1] startup
[6.671s] [ext: omni.kit.menu.stage-1.2.7] startup
[6.674s] [ext: omni.kit.usd.collect-3.0.6] startup
[6.676s] [ext: omni.kit.widget.prompt-1.0.7] startup
[6.677s] [ext: omni.kit.tool.collect-2.2.19] startup
[6.679s] [ext: isaacsim.examples.browser-0.3.2] startup
[6.682s] [ext: omni.kit.search.files-1.0.4] startup
[6.683s] [ext: omni.kit.widget.calendar-1.0.9] startup
[6.684s] [ext: omni.kit.widget.extended_searchfield-1.0.31] startup
[6.693s] [ext: omni.simready.content.browser-0.3.7] startup
[6.771s] [ext: isaacsim.gui.content_browser-0.4.3] startup
[6.773s] [ext: omni.kit.selection-0.1.6] startup
[6.774s] [ext: isaacsim.gui.menu-2.10.5] startup
[6.780s] [ext: isaacsim.gui.property-1.6.4] startup
[6.785s] [ext: omni.kit.viewport.actions-110.0.0] startup
[6.788s] [ext: omni.kit.viewport.menubar.display-107.1.3] startup
[6.789s] [ext: isaacsim.gui.sensors.icon-2.2.1] startup
[6.792s] [ext: omni.behavior.scripting.core-110.1.0] startup
[6.794s] [ext: isaacsim.replicator.behavior-1.5.4] startup
[6.794s] [ext: isaacsim.replicator.experimental.domain_randomization-1.2.5] startup
[6.807s] [ext: isaacsim.replicator.domain_randomization-1.2.2] startup
[6.861s] [ext: isaacsim.replicator.writers-1.5.4] startup
[6.881s] [ext: isaacsim.robot.experimental.wheeled_robots-0.2.11] startup
[6.899s] [ext: isaacsim.robot.policy.examples-5.2.12] startup
[6.916s] [ext: isaacsim.robot.wheeled_robots-5.2.4] startup
[6.919s] [ext: isaacsim.robot.wheeled_robots.nodes-0.1.5] startup
[6.942s] [ext: isaacsim.robot_motion.experimental.motion_generation-6.1.3] startup
[6.950s] [ext: isaacsim.robot_motion.cumotion-1.3.1] startup
[6.966s] [ext: omni.kit.numpy.common-0.1.3] startup
[6.967s] [ext: isaacsim.sensors.camera-1.7.9] startup
[6.987s] [ext: isaacsim.sensors.experimental.physics-3.0.2] startup
[6.993s] [ext: omni.sensors.net-1.0.1] startup
[6.998s] [ext: omni.sensors.nv.common-3.0.0] startup
[7.066s] [ext: omni.sensors.nv.materials-2.0.0] startup
[7.073s] [ext: omni.sensors.nv.acoustic-3.0.0] startup
[7.078s] [ext: omni.sensors.nv.ids-2.0.1] startup
[7.081s] [ext: omni.sensors.nv.lidar-3.0.0] startup
[7.088s] [ext: omni.sensors.nv.radar-3.0.0] startup
[7.093s] [ext: isaacsim.sensors.experimental.rtx-1.4.6] startup
[7.888s] [ext: isaacsim.sensors.physics.nodes-1.5.3] startup
[7.894s] [ext: isaacsim.util.debug_draw-3.2.3] startup
[7.902s] [ext: isaacsim.sensors.physx-2.5.5] startup
[7.909s] [ext: isaacsim.sensors.rtx-15.17.1] startup
[7.919s] [ext: isaacsim.simulation_app-2.18.4] startup
[7.920s] [ext: omni.anim.curve.core-1.6.0] startup
[7.930s] [ext: omni.graph.ui_nodes-2.11.1] startup
[8.044s] [ext: omni.hydra.scene_api-0.1.3] startup
[8.051s] [ext: omni.kit.manipulator.camera-110.0.0] startup
[8.059s] [ext: omni.kit.manipulator.selector-1.1.4] startup
[8.061s] [ext: omni.kit.manipulator.transform-107.0.0] startup
[8.067s] [ext: omni.kit.widget.toolbar-2.1.0] startup
[8.078s] [ext: omni.kit.manipulator.tool.snap-1.5.14] startup
[8.084s] [ext: omni.kit.viewport.manipulator.transform-107.0.4] startup
[8.087s] [ext: omni.kit.manipulator.prim.core-108.0.2] startup
[8.094s] [ext: omni.kit.manipulator.prim.usd-107.0.3] startup
[8.095s] [ext: omni.kit.manipulator.prim-108.0.0] startup
[8.095s] [ext: omni.kit.manipulator.selection-109.0.1] startup
[8.096s] [ext: omni.kit.menu.create-2.0.2] startup
[8.097s] [ext: omni.kit.property.audio-1.0.16] startup
[8.100s] [ext: omni.kit.property.camera-1.0.14] startup
[8.101s] [ext: omni.kit.property.geometry-2.1.2] startup
[8.104s] [ext: omni.kit.property.light-1.0.14] startup
2026-10-03T20:56:16Z [8,056ms] [Warning] [omni.usd] Encountered USD Warnings but USD Diagnostics are currently muted. To view USD Warnings, please set the '/persistent/app/usd/muteUsdDiagnostics' setting to false in Preferences page.
[8.132s] [ext: omni.kit.property.material-1.14.6] startup
[8.137s] [ext: omni.kit.property.render-1.2.2] startup
[8.138s] [ext: omni.kit.property.transform-1.6.9] startup
[8.140s] [ext: omni.kit.property.bundle-1.5.1] startup
[8.141s] [ext: omni.kit.usdz_export-1.1.0] startup
[8.143s] [ext: omni.kit.tool.asset_importer-6.0.1] startup
[8.147s] [ext: omni.kit.ui.actions-1.0.5] startup
[8.149s] [ext: omni.kit.viewport.menubar.camera-107.0.10] startup
[8.153s] [ext: omni.kit.viewport.menubar.lighting-107.3.2] startup
[8.154s] [ext: omni.kit.viewport.menubar.render-110.0.0] startup
[8.156s] [ext: omni.kit.viewport.menubar.settings-110.0.1] startup
[8.159s] [ext: omni.kit.window.console-1.1.9] startup
[8.162s] [ext: omni.kit.window.status_bar-0.1.11] startup
[8.164s] [ext: omni.kit.window.toolbar-3.0.3] startup
[8.166s] [ext: omni.ocio-0.1.1] startup
[8.167s] [ext: omni.physx.commands-110.1.13] startup
[8.170s] [ext: omni.replicator.replicator_yaml-2.0.12] startup
[8.178s] [ext: omni.rtx.window.settings-0.8.0] startup
[8.182s] [ext: omni.rtx.settings.core-0.7.1] startup
[8.184s] [ext: omni.usd.metrics.assembler.ui-110.1.1] startup
[8.190s] [ext: semantics.schema.editor-2.0.2] startup
[8.192s] [ext: semantics.schema.property-2.0.2] startup
[8.193s] [ext: omni.kit.menu.common-2.0.2] startup
[8.194s] [ext: isaacsim.exp.base-6.0.1] startup
[8.194s] [ext: isaacsim.exp.base.python-6.0.1] startup
[8.196s] Simulation App Starting
[11.844s] Simulation App Startup Complete
[11.847s] app ready
Starting kit application with the following args:  ['/home/dell/isaacsim-env/lib/python3.12/site-packages/isaacsim/exts/isaacsim.simulation_app/isaacsim/simulation_app/simulation_app.py', '/home/dell/isaacsim-env/lib/python3.12/site-packages/isaacsim/apps/isaacsim.exp.base.python.kit', '--/app/tokens/exe-path=/home/dell/isaacsim-env/lib/python3.12/site-packages/isaacsim/kit', '--/persistent/app/viewport/displayOptions=3094', '--/rtx/materialDb/syncLoads=True', '--/rtx/hydra/materialSyncLoads=True', '--/omni/kit/plugin/syncUsdLoads=True', '--/app/renderer/resolution/width=1920', '--/app/renderer/resolution/height=1080', '--/app/window/width=1440', '--/app/window/height=900', '--/renderer/multiGpu/enabled=True', '--/app/fastShutdown=True', '--/app/installSignalHandlers=0', '--ext-folder', '/home/dell/isaacsim-env/lib/python3.12/site-packages/isaacsim/exts', '--ext-folder', '/home/dell/isaacsim-env/lib/python3.12/site-packages/isaacsim/apps', '--/physics/cudaDevice=0', '--/plugins/carb.tasking.plugin/threadCount=20', '--/plugins/omni.tbb.globalcontrol/maxThreadCount=20', '--portable']
Passing the following args to the base kit application:  ['--seed', '7']
Warp 1.13.0 initialized:
   CUDA Toolkit 12.9, Driver 13.0
   Devices:
     "cpu"      : "aarch64"
     "cuda:0"   : "NVIDIA GB10" (122 GiB, sm_121, mempool enabled)
   Kernel cache:
     /home/dell/.cache/warp/1.13.0
[fleetops   13.0s] app up
[fleetops   14.8s] static warehouse written: 557 prims
[fleetops   14.8s] warehouse referenced into the live stage
[fleetops   61.5s] 20 carters referenced
[fleetops   62.1s] deactivated 240 onboard cameras
[fleetops   62.3s] carter physics off: 160 rigid bodies, 140 joints, 20 articulations
2026-10-03T20:57:19Z [71,373ms] [Warning] [omni.physicsschema.plugin] ArticulationRootAPI definition on a static rigid body is not allowed, articulation root will be ignored. Prim: /World/Carter_0/chassis_link
2026-10-03T20:57:19Z [71,373ms] [Warning] [omni.physicsschema.plugin] ArticulationRootAPI definition on a static rigid body is not allowed, articulation root will be ignored. Prim: /World/Carter_1/chassis_link
2026-10-03T20:57:19Z [71,373ms] [Warning] [omni.physicsschema.plugin] ArticulationRootAPI definition on a static rigid body is not allowed, articulation root will be ignored. Prim: /World/Carter_10/chassis_link
2026-10-03T20:57:19Z [71,373ms] [Warning] [omni.physicsschema.plugin] ArticulationRootAPI definition on a static rigid body is not allowed, articulation root will be ignored. Prim: /World/Carter_11/chassis_link
2026-10-03T20:57:19Z [71,373ms] [Warning] [omni.physicsschema.plugin] ArticulationRootAPI definition on a static rigid body is not allowed, articulation root will be ignored. Prim: /World/Carter_12/chassis_link
2026-10-03T20:57:19Z [71,373ms] [Warning] [omni.physicsschema.plugin] ArticulationRootAPI definition on a static rigid body is not allowed, articulation root will be ignored. Prim: /World/Carter_13/chassis_link
2026-10-03T20:57:19Z [71,373ms] [Warning] [omni.physicsschema.plugin] ArticulationRootAPI definition on a static rigid body is not allowed, articulation root will be ignored. Prim: /World/Carter_14/chassis_link
2026-10-03T20:57:19Z [71,373ms] [Warning] [omni.physicsschema.plugin] ArticulationRootAPI definition on a static rigid body is not allowed, articulation root will be ignored. Prim: /World/Carter_15/chassis_link
2026-10-03T20:57:19Z [71,373ms] [Warning] [omni.physicsschema.plugin] ArticulationRootAPI definition on a static rigid body is not allowed, articulation root will be ignored. Prim: /World/Carter_16/chassis_link
2026-10-03T20:57:19Z [71,373ms] [Warning] [omni.physicsschema.plugin] ArticulationRootAPI definition on a static rigid body is not allowed, articulation root will be ignored. Prim: /World/Carter_17/chassis_link
2026-10-03T20:57:19Z [71,373ms] [Warning] [omni.physicsschema.plugin] ArticulationRootAPI definition on a static rigid body is not allowed, articulation root will be ignored. Prim: /World/Carter_18/chassis_link
2026-10-03T20:57:19Z [71,373ms] [Warning] [omni.physicsschema.plugin] ArticulationRootAPI definition on a static rigid body is not allowed, articulation root will be ignored. Prim: /World/Carter_19/chassis_link
2026-10-03T20:57:19Z [71,373ms] [Warning] [omni.physicsschema.plugin] ArticulationRootAPI definition on a static rigid body is not allowed, articulation root will be ignored. Prim: /World/Carter_2/chassis_link
2026-10-03T20:57:19Z [71,373ms] [Warning] [omni.physicsschema.plugin] ArticulationRootAPI definition on a static rigid body is not allowed, articulation root will be ignored. Prim: /World/Carter_3/chassis_link
2026-10-03T20:57:19Z [71,373ms] [Warning] [omni.physicsschema.plugin] ArticulationRootAPI definition on a static rigid body is not allowed, articulation root will be ignored. Prim: /World/Carter_4/chassis_link
2026-10-03T20:57:19Z [71,373ms] [Warning] [omni.physicsschema.plugin] ArticulationRootAPI definition on a static rigid body is not allowed, articulation root will be ignored. Prim: /World/Carter_5/chassis_link
2026-10-03T20:57:19Z [71,373ms] [Warning] [omni.physicsschema.plugin] ArticulationRootAPI definition on a static rigid body is not allowed, articulation root will be ignored. Prim: /World/Carter_6/chassis_link
2026-10-03T20:57:19Z [71,373ms] [Warning] [omni.physicsschema.plugin] ArticulationRootAPI definition on a static rigid body is not allowed, articulation root will be ignored. Prim: /World/Carter_7/chassis_link
2026-10-03T20:57:19Z [71,373ms] [Warning] [omni.physicsschema.plugin] ArticulationRootAPI definition on a static rigid body is not allowed, articulation root will be ignored. Prim: /World/Carter_8/chassis_link
2026-10-03T20:57:19Z [71,373ms] [Warning] [omni.physicsschema.plugin] ArticulationRootAPI definition on a static rigid body is not allowed, articulation root will be ignored. Prim: /World/Carter_9/chassis_link
[fleetops  198.1s] physics reset
[fleetops  198.1s] FleetOps live: 20 Carters running
[fleetops  198.8s] step 0, 1.6 steps/s, sim t=0s, chassis z min 0.00 max 0.00 (n=20), closest ever 3.97 m, overlap steps 0
[fleetops  209.1s] step 300, 27.6 steps/s, sim t=10s, chassis z min 0.00 max 0.00 (n=20), closest ever 1.37 m, overlap steps 0
