=== 2026-10-03 14:34:04 start ===
fleet_runner: 20 robots -> http://127.0.0.1:3001
[    0.0s] picks 0 deliveries 0 | pushes ok 0 failed 0 
[   10.0s] picks 0 deliveries 0 | pushes ok 75 failed 0 
[   20.1s] picks 0 deliveries 0 | pushes ok 151 failed 0 
[   30.1s] picks 0 deliveries 0 | pushes ok 226 failed 0 
[   40.1s] picks 2 deliveries 0 | pushes ok 301 failed 0 
[   50.1s] picks 9 deliveries 0 | pushes ok 376 failed 0 
[   60.1s] picks 17 deliveries 1 | pushes ok 451 failed 0 
[   70.2s] picks 20 deliveries 2 | pushes ok 526 failed 0 
[   80.2s] picks 20 deliveries 4 | pushes ok 601 failed 0 
[   90.2s] picks 20 deliveries 4 | pushes ok 677 failed 0 
[  100.2s] picks 21 deliveries 7 | pushes ok 752 failed 0 
[  110.3s] picks 22 deliveries 10 | pushes ok 827 failed 0 
[  120.3s] picks 24 deliveries 14 | pushes ok 902 failed 0 
[  130.3s] picks 25 deliveries 17 | pushes ok 978 failed 0 
[  140.3s] picks 29 deliveries 19 | pushes ok 1053 failed 0 
[  150.4s] picks 29 deliveries 21 | pushes ok 1128 failed 0 
[  160.4s] picks 31 deliveries 23 | pushes ok 1203 failed 0 
[  170.4s] picks 33 deliveries 25 | pushes ok 1278 failed 0 
[  180.5s] picks 36 deliveries 27 | pushes ok 1354 failed 0 
[  190.5s] picks 39 deliveries 28 | pushes ok 1429 failed 0 
[  200.5s] picks 41 deliveries 29 | pushes ok 1504 failed 0 
[  210.5s] picks 42 deliveries 31 | pushes ok 1579 failed 0 
[  220.5s] picks 45 deliveries 32 | pushes ok 1654 failed 0 
[  230.5s] picks 47 deliveries 35 | pushes ok 1729 failed 0 
[  240.6s] picks 48 deliveries 35 | pushes ok 1804 failed 0 
[  250.6s] picks 49 deliveries 37 | pushes ok 1879 failed 0 
[  260.6s] picks 50 deliveries 39 | pushes ok 1955 failed 0 
[  270.6s] picks 51 deliveries 43 | pushes ok 2030 failed 0 
[  280.6s] picks 51 deliveries 45 | pushes ok 2105 failed 0 
[  290.7s] picks 54 deliveries 48 | pushes ok 2180 failed 0 
[  300.7s] picks 56 deliveries 49 | pushes ok 2255 failed 0 
[  310.7s] picks 60 deliveries 49 | pushes ok 2331 failed 0 
[  320.7s] picks 62 deliveries 50 | pushes ok 2406 failed 0 
[  330.8s] picks 62 deliveries 51 | pushes ok 2481 failed 0 
[  340.8s] picks 65 deliveries 54 | pushes ok 2556 failed 0 
[  350.8s] picks 68 deliveries 55 | pushes ok 2631 failed 0 
[  360.8s] picks 72 deliveries 57 | pushes ok 2706 failed 0 
[  370.8s] picks 72 deliveries 59 | pushes ok 2781 failed 0 
[  380.8s] picks 74 deliveries 63 | pushes ok 2856 failed 0 
[  390.9s] picks 75 deliveries 63 | pushes ok 2932 failed 0 
[  400.9s] picks 75 deliveries 65 | pushes ok 3007 failed 0 
[  410.9s] picks 75 deliveries 69 | pushes ok 3082 failed 0 
[  421.0s] picks 78 deliveries 72 | pushes ok 3157 failed 0 
[  431.0s] picks 79 deliveries 73 | pushes ok 3232 failed 0 
[  441.0s] picks 81 deliveries 75 | pushes ok 3308 failed 0 
[  451.0s] picks 83 deliveries 77 | pushes ok 3383 failed 0 
[  461.0s] picks 87 deliveries 77 | pushes ok 3458 failed 0 
[  471.0s] picks 88 deliveries 77 | pushes ok 3533 failed 0 
[  481.0s] picks 89 deliveries 78 | pushes ok 3608 failed 0 
[  491.1s] picks 90 deliveries 81 | pushes ok 3683 failed 0 
[  501.1s] picks 93 deliveries 82 | pushes ok 3758 failed 0 
